DROP TABLE IF EXISTS t;
NOTICE:  table "t" does not exist, skipping
DROP TABLE IF EXISTS t1;
DROP TABLE IF EXISTS t2;
NOTICE:  table "t2" does not exist, skipping
DROP TABLE IF EXISTS t3;
NOTICE:  table "t3" does not exist, skipping
CREATE TABLE t(a INT, b INT);
INSERT INTO t VALUES(1,1), (2,3);
CREATE TABLE t1(a INT, b INT);
INSERT INTO t1 VALUES(1,1), (2,2);
CREATE TABLE t2(a INT, b INT);
INSERT INTO t2 VALUES(1,1), (2,2);
CREATE TABLE t3(a INT, b INT, c INT);
INSERT INTO t3 VALUES(1,1,1), (2,2,2);
show d_format_behavior_compat_options;
     d_format_behavior_compat_options     
------------------------------------------
 enable_sbr_identifier, default_collation
(1 row)

set d_format_behavior_compat_options = 'enable_sbr_identifier, default_collation, disable_target_alias';
-- alias not use
SELECT a = 1;
ERROR:  column "a" does not exist
LINE 1: SELECT a = 1;
               ^
SELECT [a] = 1;
ERROR:  column "a" does not exist
LINE 1: SELECT [a] = 1;
               ^
SELECT "a" = 1;
ERROR:  column "a" does not exist
LINE 1: SELECT "a" = 1;
               ^
SELECT [a b] = 1;
ERROR:  column "a b" does not exist
LINE 1: SELECT [a b] = 1;
               ^
SELECT "a b" = 1;
ERROR:  column "a b" does not exist
LINE 1: SELECT "a b" = 1;
               ^
SELECT a = 'hello';
ERROR:  column "a" does not exist
LINE 1: SELECT a = 'hello';
               ^
SELECT a = (SELECT 1);
ERROR:  column "a" does not exist
LINE 1: SELECT a = (SELECT 1);
               ^
SELECT a = b FROM t;
 ?column? 
----------
 t
 f
(2 rows)

SELECT x = a + b FROM t;
ERROR:  column "x" does not exist
LINE 1: SELECT x = a + b FROM t;
               ^
SELECT cnt = count(*) FROM t;
ERROR:  column "cnt" does not exist
LINE 1: SELECT cnt = count(*) FROM t;
               ^
SELECT a1 = a, b1 = b FROM t;
ERROR:  column "a1" does not exist
LINE 1: SELECT a1 = a, b1 = b FROM t;
               ^
SELECT a1 = a, b AS b1 FROM t;
ERROR:  column "a1" does not exist
LINE 1: SELECT a1 = a, b AS b1 FROM t;
               ^
SELECT a = t.b FROM t;
 ?column? 
----------
 t
 f
(2 rows)

SELECT sum_col = sum(t.b) FROM t;
ERROR:  column "sum_col" does not exist
LINE 1: SELECT sum_col = sum(t.b) FROM t;
               ^
SELECT "a" = b FROM t;
 ?column? 
----------
 t
 f
(2 rows)

SELECT [a] = b FROM t;
 ?column? 
----------
 t
 f
(2 rows)

SELECT "AliasName" = b + 1 FROM t;
ERROR:  column "AliasName" does not exist
LINE 1: SELECT "AliasName" = b + 1 FROM t;
               ^
SELECT a1 = b FROM t ORDER BY a1;
ERROR:  column "a1" does not exist
LINE 1: SELECT a1 = b FROM t ORDER BY a1;
               ^
SELECT a = b, a = c FROM t3;
 ?column? | ?column? 
----------+----------
 t        | t
 t        | t
(2 rows)

SELECT [SELECT] = b FROM t;
ERROR:  column "select" does not exist
LINE 1: SELECT [SELECT] = b FROM t;
               ^
SELECT "SELECT" = b FROM t;
ERROR:  column "SELECT" does not exist
LINE 1: SELECT "SELECT" = b FROM t;
               ^
SELECT a=a+1, "B"=b, c, c as d FROM t3;
ERROR:  column "B" does not exist
LINE 1: SELECT a=a+1, "B"=b, c, c as d FROM t3;
                      ^
reset d_format_behavior_compat_options;
show d_format_behavior_compat_options;
     d_format_behavior_compat_options     
------------------------------------------
 enable_sbr_identifier, default_collation
(1 row)

-- alias use
SELECT a = 1;
 a 
---
 1
(1 row)

SELECT [a] = 1;
 a 
---
 1
(1 row)

SELECT "a" = 1;
 a 
---
 1
(1 row)

SELECT [a b] = 1;
 a b 
-----
   1
(1 row)

SELECT "a b" = 1;
 a b 
-----
   1
(1 row)

SELECT a = 'hello';
   a   
-------
 hello
(1 row)

SELECT a = (SELECT 1);
 a 
---
 1
(1 row)

SELECT a = b FROM t;
 a 
---
 1
 3
(2 rows)

SELECT x = a + b FROM t;
 x 
---
 2
 5
(2 rows)

SELECT cnt = count(*) FROM t;
 cnt 
-----
   2
(1 row)

SELECT a1 = a, b1 = b FROM t;
 a1 | b1 
----+----
  1 |  1
  2 |  3
(2 rows)

SELECT a1 = a, b AS b1 FROM t;
 a1 | b1 
----+----
  1 |  1
  2 |  3
(2 rows)

SELECT a = t.b FROM t;
 a 
---
 1
 3
(2 rows)

SELECT sum_col = sum(t.b) FROM t;
 sum_col 
---------
       4
(1 row)

SELECT "a" = b FROM t;
 a 
---
 1
 3
(2 rows)

SELECT [a] = b FROM t;
 a 
---
 1
 3
(2 rows)

SELECT "AliasName" = b + 1 FROM t;
 AliasName 
-----------
         2
         4
(2 rows)

SELECT a1 = b FROM t ORDER BY a1;
 a1 
----
  1
  3
(2 rows)

SELECT a = b, a = c FROM t3;
 a | a 
---+---
 1 | 1
 2 | 2
(2 rows)

SELECT [SELECT] = b FROM t;
 select 
--------
      1
      3
(2 rows)

SELECT "SELECT" = b FROM t;
 SELECT 
--------
      1
      3
(2 rows)

SELECT a=a+1, "B"=b, c, c as d FROM t3;
 a | B | c | d 
---+---+---+---
 2 | 1 | 1 | 1
 3 | 2 | 2 | 2
(2 rows)

-- not alias
SELECT GETDATE() = GETDATE();
 ?column? 
----------
 t
(1 row)

SELECT (SELECT 1) = 1;
 ?column? 
----------
 t
(1 row)

SELECT 1 + 2 = 3;
 ?column? 
----------
 t
(1 row)

SELECT CAST(1 AS INT) = 1;
 ?column? 
----------
 t
(1 row)

SELECT (a + 1) = b FROM t;
 ?column? 
----------
 f
 t
(2 rows)

SELECT t.a = b FROM t;
 ?column? 
----------
 t
 f
(2 rows)

SELECT * FROM t WHERE a = b;
 a | b 
---+---
 1 | 1
(1 row)

SELECT * FROM t1 JOIN t2 ON t1.a = t2.b;
 a | b | a | b 
---+---+---+---
 1 | 1 | 1 | 1
 2 | 2 | 2 | 2
(2 rows)

SELECT count(*) FROM t HAVING count(*) = 1;
 count 
-------
(0 rows)

SELECT CASE WHEN a = b THEN 1 END AS a FROM t;
 a 
---
 1
  
(2 rows)

CREATE OR REPLACE PROCEDURE check_number(num IN INTEGER)
AS
BEGIN
    IF num = 0 THEN
        RAISE NOTICE 'num = 0';
    ELSIF num = 1 THEN
        RAISE NOTICE 'num = 1';
    ELSE 
        RAISE NOTICE 'num != 0 and num != 1';
    END IF;
END;
/
CALL check_number(0);
NOTICE:  num = 0
 check_number 
--------------
 
(1 row)

CALL check_number(1);
NOTICE:  num = 1
 check_number 
--------------
 
(1 row)

CALL check_number(2);
NOTICE:  num != 0 and num != 1
 check_number 
--------------
 
(1 row)

